â–¿ 1 element
  - RLMThing {
	__nilProperties = RLMArray<string> <> (
		[0] optionalInt,
		[1] optionalDouble,
		[2] optionalDate
	);
	id = id;
	integer = 1;
	double = 2.5;
	optionalString = Updated;
	optionalInt = (null);
	optionalDouble = (null);
	date = 1970-01-01 00:00:00 +0000;
	optionalDate = (null);
}
