▿ Optional<Thing>
  ▿ some: Thing
    - date: 1970-01-01T00:00:00Z
    - double: 2.5
    - id: "1"
    - integer: 1
    - optionalDate: Optional<Date>.none
    - optionalDouble: Optional<Double>.none
    - optionalInt: Optional<Int>.none
    - optionalString: Optional<String>.none
