▿ 3 elements
  ▿ Thing
    - date: 1970-01-01T00:00:00Z
    - double: 2.5
    - id: "1"
    - integer: 1
    - optionalDate: Optional<Date>.none
    - optionalDouble: Optional<Double>.none
    - optionalInt: Optional<Int>.none
    - optionalString: Optional<String>.none
  ▿ Thing
    - date: 1970-01-01T00:00:00Z
    - double: 2.5
    - id: "2"
    - integer: 1
    ▿ optionalDate: Optional<Date>
      - some: 1970-01-01T00:01:40Z
    ▿ optionalDouble: Optional<Double>
      - some: 4.5
    ▿ optionalInt: Optional<Int>
      - some: 3
    ▿ optionalString: Optional<String>
      - some: "Hello"
  ▿ Thing
    - date: 1970-01-01T00:00:00Z
    - double: 2.5
    - id: "3"
    - integer: 1
    - optionalDate: Optional<Date>.none
    - optionalDouble: Optional<Double>.none
    - optionalInt: Optional<Int>.none
    - optionalString: Optional<String>.none
