â–¿ 3 elements
  - RLMThing {
	__nilProperties = RLMArray<string> <> (
		[0] optionalString,
		[1] optionalInt,
		[2] optionalDouble,
		[3] optionalDate
	);
	id = 1;
	integer = 1;
	double = 2.5;
	optionalString = (null);
	optionalInt = (null);
	optionalDouble = (null);
	date = 1970-01-01 00:00:00 +0000;
	optionalDate = (null);
}
  - RLMThing {
	__nilProperties = RLMArray<string> <> (
	
	);
	id = 2;
	integer = 1;
	double = 2.5;
	optionalString = Hello;
	optionalInt = 3;
	optionalDouble = 4.5;
	date = 1970-01-01 00:00:00 +0000;
	optionalDate = 1970-01-01 00:01:40 +0000;
}
  - RLMThing {
	__nilProperties = RLMArray<string> <> (
		[0] optionalString,
		[1] optionalInt,
		[2] optionalDouble,
		[3] optionalDate
	);
	id = 3;
	integer = 1;
	double = 2.5;
	optionalString = (null);
	optionalInt = (null);
	optionalDouble = (null);
	date = 1970-01-01 00:00:00 +0000;
	optionalDate = (null);
}
